STM32F103x8_USART_Driver.c:55:6:MCAL_UART_Init	24	static
STM32F103x8_USART_Driver.c:137:6:MCAL_UART_DeInit	16	static
STM32F103x8_USART_Driver.c:170:6:MCAL_UART_SendData	24	static
STM32F103x8_USART_Driver.c:203:6:MCAL_UART_WAIT_TC	16	static
STM32F103x8_USART_Driver.c:219:6:MCAL_UART_ReceiveData	24	static
STM32F103x8_USART_Driver.c:262:6:MCAL_UART_GPIO_Set_Pins	24	static
STM32F103x8_USART_Driver.c:391:6:USART1_IRQHandler	8	static
STM32F103x8_USART_Driver.c:396:6:USART2_IRQHandler	8	static
STM32F103x8_USART_Driver.c:401:6:USART3_IRQHandler	8	static
