
Memory Configuration

Name             Origin             Length             Attributes
FLASH            0x00000000         0x20000000         xr
SRAM             0x20000000         0x20000000         xrw
*default*        0x00000000         0xffffffff

Linker script and memory map


.text           0x00000000      0x198
 *(.vectors*)
 .vectors       0x00000000       0x1c startup.o
                0x00000000                g_p_fn_vectors
 *(.text)
 .text          0x0000001c       0xbc startup.o
                0x0000001c                Reset_Handler
                0x000000cc                MM_Fault_Handler
                0x000000cc                Bus_Fault_Handler
                0x000000cc                Default_Handler
                0x000000cc                Usage_Fault_Handler
                0x000000cc                Hard_Fault_Handler
                0x000000cc                NMI_Handler
 .text          0x000000d8       0xc0 app.o
                0x000000d8                main
                0x00000198                . = ALIGN (0x4)
                0x00000198                _E_text = .

.glue_7         0x00000198        0x0
 .glue_7        0x00000000        0x0 linker stubs

.glue_7t        0x00000198        0x0
 .glue_7t       0x00000000        0x0 linker stubs

.vfp11_veneer   0x00000198        0x0
 .vfp11_veneer  0x00000000        0x0 linker stubs

.v4_bx          0x00000198        0x0
 .v4_bx         0x00000000        0x0 linker stubs

.iplt           0x00000198        0x0
 .iplt          0x00000000        0x0 startup.o

.data           0x20000000        0x8 load address 0x00000198
                0x20000000                . = ALIGN (0x4)
                0x20000000                _S_data = .
 *(.data)
 .data          0x20000000        0x0 startup.o
 .data          0x20000000        0x8 app.o
                0x20000000                Initalized_Global_Variable
                0x20000008                . = ALIGN (0x4)
                0x20000008                _E_data = .

.igot.plt       0x20000008        0x0 load address 0x000001a0
 .igot.plt      0x00000000        0x0 startup.o

.rodata         0x000001a0        0x8
                0x000001a0                . = ALIGN (0x4)
                0x000001a0                _S_rodata = .
 *(.rodata*)
 .rodata        0x000001a0        0x8 app.o
                0x000001a0                Constant_Global_Variable
                0x000001a8                . = ALIGN (0x4)
                0x000001a8                _E_rodata = .

.rel.dyn        0x000001a8        0x0
 .rel.iplt      0x00000000        0x0 startup.o

.bss            0x20000008      0x404
                0x20000008                . = ALIGN (0x4)
                0x20000008                _S_bss = .
 *(.bss*)
 .bss           0x20000008      0x400 startup.o
 .bss           0x20000408        0x4 app.o
                0x20000408                Uninitalized_Global_Variable
                0x2000040c                . = ALIGN (0x4)
                0x2000040c                _E_bss = .
LOAD startup.o
LOAD app.o
OUTPUT(Unit3_Lesson4_Lab3_Cortex_M4.elf elf32-littlearm)

.debug_info     0x00000000      0x2a9
 .debug_info    0x00000000      0x1a0 startup.o
 .debug_info    0x000001a0      0x109 app.o

.debug_abbrev   0x00000000      0x166
 .debug_abbrev  0x00000000       0xd5 startup.o
 .debug_abbrev  0x000000d5       0x91 app.o

.debug_loc      0x00000000       0x9c
 .debug_loc     0x00000000       0x64 startup.o
 .debug_loc     0x00000064       0x38 app.o

.debug_aranges  0x00000000       0x40
 .debug_aranges
                0x00000000       0x20 startup.o
 .debug_aranges
                0x00000020       0x20 app.o

.debug_line     0x00000000       0xf1
 .debug_line    0x00000000       0x7b startup.o
 .debug_line    0x0000007b       0x76 app.o

.debug_str      0x00000000      0x1ec
 .debug_str     0x00000000      0x179 startup.o
                                0x19c (size before relaxing)
 .debug_str     0x00000179       0x73 app.o
                                0x175 (size before relaxing)

.comment        0x00000000       0x11
 .comment       0x00000000       0x11 startup.o
                                 0x12 (size before relaxing)
 .comment       0x00000000       0x12 app.o

.ARM.attributes
                0x00000000       0x33
 .ARM.attributes
                0x00000000       0x33 startup.o
 .ARM.attributes
                0x00000033       0x33 app.o

.debug_frame    0x00000000       0x78
 .debug_frame   0x00000000       0x4c startup.o
 .debug_frame   0x0000004c       0x2c app.o
