STM32F103x8_USART_Driver.c:45:6:MCAL_UART_Init	24	static
STM32F103x8_USART_Driver.c:127:6:MCAL_UART_DeInit	16	static
STM32F103x8_USART_Driver.c:160:6:MCAL_UART_SendData	24	static
STM32F103x8_USART_Driver.c:193:6:MCAL_UART_WAIT_TC	16	static
STM32F103x8_USART_Driver.c:209:6:MCAL_UART_ReceiveData	24	static
STM32F103x8_USART_Driver.c:252:6:MCAL_UART_GPIO_Set_Pins	24	static
STM32F103x8_USART_Driver.c:381:6:USART1_IRQHandler	8	static
STM32F103x8_USART_Driver.c:386:6:USART2_IRQHandler	8	static
STM32F103x8_USART_Driver.c:391:6:USART3_IRQHandler	8	static
