STM32F103x8_USART_Driver.c:62:6:MCAL_UART_Init	32	static
STM32F103x8_USART_Driver.c:147:6:MCAL_UART_DeInit	16	static
STM32F103x8_USART_Driver.c:180:6:MCAL_UART_SendData	24	static
STM32F103x8_USART_Driver.c:213:6:MCAL_UART_WAIT_TC	16	static
STM32F103x8_USART_Driver.c:229:6:MCAL_UART_ReceiveData	24	static
STM32F103x8_USART_Driver.c:272:6:MCAL_UART_GPIO_Set_Pins	24	static
STM32F103x8_USART_Driver.c:401:6:USART1_IRQHandler	8	static
STM32F103x8_USART_Driver.c:406:6:USART2_IRQHandler	8	static
STM32F103x8_USART_Driver.c:411:6:USART3_IRQHandler	8	static
