
Allocating common symbols
Common symbol       size              file

uninitalized_variables
                    0x4               app.o

Memory Configuration

Name             Origin             Length             Attributes
FLASH            0x0000000008000000 0x0000000000020000 xr
SRAM             0x0000000020000000 0x0000000000005000 xrw
*default*        0x0000000000000000 0xffffffffffffffff

Linker script and memory map


.text           0x0000000008000000       0xd4
 *(.vectors*)
 .vectors       0x0000000008000000       0x50 startup.o
 *(.text*)
 .text          0x0000000008000050       0x7c app.o
                0x0000000008000050                main
 .text          0x00000000080000cc        0x8 startup.o

.glue_7         0x00000000080000d4        0x0
 .glue_7        0x00000000080000d4        0x0 linker stubs

.glue_7t        0x00000000080000d4        0x0
 .glue_7t       0x00000000080000d4        0x0 linker stubs

.vfp11_veneer   0x00000000080000d4        0x0
 .vfp11_veneer  0x00000000080000d4        0x0 linker stubs

.v4_bx          0x00000000080000d4        0x0
 .v4_bx         0x00000000080000d4        0x0 linker stubs

.iplt           0x00000000080000d4        0x0
 .iplt          0x00000000080000d4        0x0 app.o

.data           0x00000000080000d4        0xc
 *(.data)
 .data          0x00000000080000d4        0xc app.o
                0x00000000080000d4                R_ODR
                0x00000000080000d8                g_variables
 .data          0x00000000080000e0        0x0 startup.o

.igot.plt       0x00000000080000e0        0x0
 .igot.plt      0x00000000080000e0        0x0 app.o

.rodata         0x00000000080000e0        0x8
 *(.rodata)
 .rodata        0x00000000080000e0        0x8 app.o
                0x00000000080000e0                const_variables

.rel.dyn        0x00000000080000e8        0x0
 .rel.iplt      0x00000000080000e8        0x0 app.o

.bss            0x0000000020000000        0x4
 *(.bss)
 .bss           0x0000000020000000        0x0 app.o
 .bss           0x0000000020000000        0x0 startup.o
 COMMON         0x0000000020000000        0x4 app.o
                0x0000000020000000                uninitalized_variables
LOAD app.o
LOAD startup.o
OUTPUT(learn-in-depth-Cortex-M3.elf elf32-littlearm)

.debug_info     0x0000000000000000      0x1ce
 .debug_info    0x0000000000000000      0x1a8 app.o
 .debug_info    0x00000000000001a8       0x26 startup.o

.debug_abbrev   0x0000000000000000       0xfe
 .debug_abbrev  0x0000000000000000       0xea app.o
 .debug_abbrev  0x00000000000000ea       0x14 startup.o

.debug_loc      0x0000000000000000       0x38
 .debug_loc     0x0000000000000000       0x38 app.o

.debug_aranges  0x0000000000000000       0x40
 .debug_aranges
                0x0000000000000000       0x20 app.o
 .debug_aranges
                0x0000000000000020       0x20 startup.o

.debug_line     0x0000000000000000       0xad
 .debug_line    0x0000000000000000       0x72 app.o
 .debug_line    0x0000000000000072       0x3b startup.o

.debug_str      0x0000000000000000      0x1da
 .debug_str     0x0000000000000000      0x1c2 app.o
                                        0x1e5 (size before relaxing)
 .debug_str     0x00000000000001c2       0x18 startup.o
                                         0x91 (size before relaxing)

.comment        0x0000000000000000       0x7b
 .comment       0x0000000000000000       0x7b app.o
                                         0x7c (size before relaxing)

.ARM.attributes
                0x0000000000000000       0x31
 .ARM.attributes
                0x0000000000000000       0x33 app.o
 .ARM.attributes
                0x0000000000000033       0x21 startup.o

.debug_frame    0x0000000000000000       0x2c
 .debug_frame   0x0000000000000000       0x2c app.o
