STM32F103x8_EXTI_Driver.c:66:6:Updata_EXTI	24	static
STM32F103x8_EXTI_Driver.c:142:6:Enable_NVIC	16	static
STM32F103x8_EXTI_Driver.c:192:6:Disable_NVIC	16	static
STM32F103x8_EXTI_Driver.c:251:6:MCAL_EXTI_GPIO_Init	16	static
STM32F103x8_EXTI_Driver.c:263:6:MCAL_EXTI_GPIO_DeInit	4	static
STM32F103x8_EXTI_Driver.c:296:6:MCAL_EXTI_GPIO_Update	16	static
STM32F103x8_EXTI_Driver.c:306:6:EXTI0_IRQHandler	8	static
STM32F103x8_EXTI_Driver.c:317:6:EXTI1_IRQHandler	8	static
STM32F103x8_EXTI_Driver.c:327:6:EXTI2_IRQHandler	8	static
STM32F103x8_EXTI_Driver.c:337:6:EXTI3_IRQHandler	8	static
STM32F103x8_EXTI_Driver.c:347:6:EXTI4_IRQHandler	8	static
STM32F103x8_EXTI_Driver.c:357:6:EXTI9_5_IRQHandler	8	static
STM32F103x8_EXTI_Driver.c:402:6:EXTI15_10_IRQHandler	8	static
