Archive member included to satisfy reference by file (symbol)

c:/st/stm32cubeide_1.4.0/stm32cubeide/plugins/com.st.stm32cube.ide.mcu.externaltools.gnu-tools-for-stm32.7-2018-q2-update.win32_1.4.0.202007081208/tools/bin/../lib/gcc/arm-none-eabi/7.3.1/../../../../arm-none-eabi/lib/thumb/v7-m\libc_nano.a(lib_a-errno.o)
                              Src/syscalls.o (__errno)
c:/st/stm32cubeide_1.4.0/stm32cubeide/plugins/com.st.stm32cube.ide.mcu.externaltools.gnu-tools-for-stm32.7-2018-q2-update.win32_1.4.0.202007081208/tools/bin/../lib/gcc/arm-none-eabi/7.3.1/../../../../arm-none-eabi/lib/thumb/v7-m\libc_nano.a(lib_a-exit.o)
                              c:/st/stm32cubeide_1.4.0/stm32cubeide/plugins/com.st.stm32cube.ide.mcu.externaltools.gnu-tools-for-stm32.7-2018-q2-update.win32_1.4.0.202007081208/tools/bin/../lib/gcc/arm-none-eabi/7.3.1/../../../../arm-none-eabi/lib/thumb/v7-m/crt0.o (exit)
c:/st/stm32cubeide_1.4.0/stm32cubeide/plugins/com.st.stm32cube.ide.mcu.externaltools.gnu-tools-for-stm32.7-2018-q2-update.win32_1.4.0.202007081208/tools/bin/../lib/gcc/arm-none-eabi/7.3.1/../../../../arm-none-eabi/lib/thumb/v7-m\libc_nano.a(lib_a-impure.o)
                              c:/st/stm32cubeide_1.4.0/stm32cubeide/plugins/com.st.stm32cube.ide.mcu.externaltools.gnu-tools-for-stm32.7-2018-q2-update.win32_1.4.0.202007081208/tools/bin/../lib/gcc/arm-none-eabi/7.3.1/../../../../arm-none-eabi/lib/thumb/v7-m\libc_nano.a(lib_a-exit.o) (_global_impure_ptr)
c:/st/stm32cubeide_1.4.0/stm32cubeide/plugins/com.st.stm32cube.ide.mcu.externaltools.gnu-tools-for-stm32.7-2018-q2-update.win32_1.4.0.202007081208/tools/bin/../lib/gcc/arm-none-eabi/7.3.1/../../../../arm-none-eabi/lib/thumb/v7-m\libc_nano.a(lib_a-init.o)
                              c:/st/stm32cubeide_1.4.0/stm32cubeide/plugins/com.st.stm32cube.ide.mcu.externaltools.gnu-tools-for-stm32.7-2018-q2-update.win32_1.4.0.202007081208/tools/bin/../lib/gcc/arm-none-eabi/7.3.1/../../../../arm-none-eabi/lib/thumb/v7-m/crt0.o (__libc_init_array)
c:/st/stm32cubeide_1.4.0/stm32cubeide/plugins/com.st.stm32cube.ide.mcu.externaltools.gnu-tools-for-stm32.7-2018-q2-update.win32_1.4.0.202007081208/tools/bin/../lib/gcc/arm-none-eabi/7.3.1/../../../../arm-none-eabi/lib/thumb/v7-m\libc_nano.a(lib_a-itoa.o)
                              STM32_F103C6_Drivers/LCD/LCD.o (itoa)
c:/st/stm32cubeide_1.4.0/stm32cubeide/plugins/com.st.stm32cube.ide.mcu.externaltools.gnu-tools-for-stm32.7-2018-q2-update.win32_1.4.0.202007081208/tools/bin/../lib/gcc/arm-none-eabi/7.3.1/../../../../arm-none-eabi/lib/thumb/v7-m\libc_nano.a(lib_a-memset.o)
                              c:/st/stm32cubeide_1.4.0/stm32cubeide/plugins/com.st.stm32cube.ide.mcu.externaltools.gnu-tools-for-stm32.7-2018-q2-update.win32_1.4.0.202007081208/tools/bin/../lib/gcc/arm-none-eabi/7.3.1/../../../../arm-none-eabi/lib/thumb/v7-m/crt0.o (memset)
c:/st/stm32cubeide_1.4.0/stm32cubeide/plugins/com.st.stm32cube.ide.mcu.externaltools.gnu-tools-for-stm32.7-2018-q2-update.win32_1.4.0.202007081208/tools/bin/../lib/gcc/arm-none-eabi/7.3.1/../../../../arm-none-eabi/lib/thumb/v7-m\libc_nano.a(lib_a-sprintf.o)
                              STM32_F103C6_Drivers/LCD/LCD.o (sprintf)
c:/st/stm32cubeide_1.4.0/stm32cubeide/plugins/com.st.stm32cube.ide.mcu.externaltools.gnu-tools-for-stm32.7-2018-q2-update.win32_1.4.0.202007081208/tools/bin/../lib/gcc/arm-none-eabi/7.3.1/../../../../arm-none-eabi/lib/thumb/v7-m\libc_nano.a(lib_a-utoa.o)
                              c:/st/stm32cubeide_1.4.0/stm32cubeide/plugins/com.st.stm32cube.ide.mcu.externaltools.gnu-tools-for-stm32.7-2018-q2-update.win32_1.4.0.202007081208/tools/bin/../lib/gcc/arm-none-eabi/7.3.1/../../../../arm-none-eabi/lib/thumb/v7-m\libc_nano.a(lib_a-itoa.o) (__utoa)
c:/st/stm32cubeide_1.4.0/stm32cubeide/plugins/com.st.stm32cube.ide.mcu.externaltools.gnu-tools-for-stm32.7-2018-q2-update.win32_1.4.0.202007081208/tools/bin/../lib/gcc/arm-none-eabi/7.3.1/../../../../arm-none-eabi/lib/thumb/v7-m\libc_nano.a(lib_a-nano-svfprintf.o)
                              c:/st/stm32cubeide_1.4.0/stm32cubeide/plugins/com.st.stm32cube.ide.mcu.externaltools.gnu-tools-for-stm32.7-2018-q2-update.win32_1.4.0.202007081208/tools/bin/../lib/gcc/arm-none-eabi/7.3.1/../../../../arm-none-eabi/lib/thumb/v7-m\libc_nano.a(lib_a-sprintf.o) (_svfprintf_r)
c:/st/stm32cubeide_1.4.0/stm32cubeide/plugins/com.st.stm32cube.ide.mcu.externaltools.gnu-tools-for-stm32.7-2018-q2-update.win32_1.4.0.202007081208/tools/bin/../lib/gcc/arm-none-eabi/7.3.1/../../../../arm-none-eabi/lib/thumb/v7-m\libc_nano.a(lib_a-nano-vfprintf_i.o)
                              c:/st/stm32cubeide_1.4.0/stm32cubeide/plugins/com.st.stm32cube.ide.mcu.externaltools.gnu-tools-for-stm32.7-2018-q2-update.win32_1.4.0.202007081208/tools/bin/../lib/gcc/arm-none-eabi/7.3.1/../../../../arm-none-eabi/lib/thumb/v7-m\libc_nano.a(lib_a-nano-svfprintf.o) (_printf_i)
[...]
Memory Configuration

Name             Origin             Length             Attributes
RAM              0x0000000020000000 0x0000000000002800 xrw
ROM              0x0000000008000000 0x0000000000008000 xr
*default*        0x0000000000000000 0xffffffffffffffff

Linker script and memory map

LOAD c:/st/stm32cubeide_1.4.0/stm32cubeide/plugins/com.st.stm32cube.ide.mcu.externaltools.gnu-tools-for-stm32.7-2018-q2-update.win32_1.4.0.202007081208/tools/bin/../lib/gcc/arm-none-eabi/7.3.1/thumb/v7-m/crti.o
LOAD c:/st/stm32cubeide_1.4.0/stm32cubeide/plugins/com.st.stm32cube.ide.mcu.externaltools.gnu-tools-for-stm32.7-2018-q2-update.win32_1.4.0.202007081208/tools/bin/../lib/gcc/arm-none-eabi/7.3.1/thumb/v7-m/crtbegin.o
LOAD c:/st/stm32cubeide_1.4.0/stm32cubeide/plugins/com.st.stm32cube.ide.mcu.externaltools.gnu-tools-for-stm32.7-2018-q2-update.win32_1.4.0.202007081208/tools/bin/../lib/gcc/arm-none-eabi/7.3.1/../../../../arm-none-eabi/lib/thumb/v7-m/crt0.o
LOAD STM32_F103C6_Drivers/7SEG/7SEG.o
LOAD STM32_F103C6_Drivers/EXTI/STM32F103x8_EXTI_Driver.o
LOAD STM32_F103C6_Drivers/GPIO/STM32F103x8_GPIO_Driver.o
LOAD STM32_F103C6_Drivers/KEYPAD/Keypad.o
LOAD STM32_F103C6_Drivers/LCD/LCD.o
LOAD STM32_F103C6_Drivers/RCC/STM32F103x8_RCC_Driver.o
LOAD STM32_F103C6_Drivers/SPI/STM32F103x8_SPI_Driver.o
LOAD STM32_F103C6_Drivers/USART/STM32F103x8_USART_Driver.o
LOAD Src/main.o
LOAD Src/syscalls.o
LOAD Src/sysmem.o
LOAD Startup/startup_stm32f103c6tx.o
START GROUP
LOAD c:/st/stm32cubeide_1.4.0/stm32cubeide/plugins/com.st.stm32cube.ide.mcu.externaltools.gnu-tools-for-stm32.7-2018-q2-update.win32_1.4.0.202007081208/tools/bin/../lib/gcc/arm-none-eabi/7.3.1/../../../../arm-none-eabi/lib/thumb/v7-m\libc_nano.a
LOAD c:/st/stm32cubeide_1.4.0/stm32cubeide/plugins/com.st.stm32cube.ide.mcu.externaltools.gnu-tools-for-stm32.7-2018-q2-update.win32_1.4.0.202007081208/tools/bin/../lib/gcc/arm-none-eabi/7.3.1/../../../../arm-none-eabi/lib/thumb/v7-m\libm.a
END GROUP
START GROUP
LOAD c:/st/stm32cubeide_1.4.0/stm32cubeide/plugins/com.st.stm32cube.ide.mcu.externaltools.gnu-tools-for-stm32.7-2018-q2-update.win32_1.4.0.202007081208/tools/bin/../lib/gcc/arm-none-eabi/7.3.1/thumb/v7-m\libgcc.a
LOAD c:/st/stm32cubeide_1.4.0/stm32cubeide/plugins/com.st.stm32cube.ide.mcu.externaltools.gnu-tools-for-stm32.7-2018-q2-update.win32_1.4.0.202007081208/tools/bin/../lib/gcc/arm-none-eabi/7.3.1/../../../../arm-none-eabi/lib/thumb/v7-m\libg_nano.a
LOAD c:/st/stm32cubeide_1.4.0/stm32cubeide/plugins/com.st.stm32cube.ide.mcu.externaltools.gnu-tools-for-stm32.7-2018-q2-update.win32_1.4.0.202007081208/tools/bin/../lib/gcc/arm-none-eabi/7.3.1/../../../../arm-none-eabi/lib/thumb/v7-m\libc_nano.a
END GROUP
START GROUP
LOAD c:/st/stm32cubeide_1.4.0/stm32cubeide/plugins/com.st.stm32cube.ide.mcu.externaltools.gnu-tools-for-stm32.7-2018-q2-update.win32_1.4.0.202007081208/tools/bin/../lib/gcc/arm-none-eabi/7.3.1/thumb/v7-m\libgcc.a
LOAD c:/st/stm32cubeide_1.4.0/stm32cubeide/plugins/com.st.stm32cube.ide.mcu.externaltools.gnu-tools-for-stm32.7-2018-q2-update.win32_1.4.0.202007081208/tools/bin/../lib/gcc/arm-none-eabi/7.3.1/../../../../arm-none-eabi/lib/thumb/v7-m\libc_nano.a
LOAD c:/st/stm32cubeide_1.4.0/stm32cubeide/plugins/com.st.stm32cube.ide.mcu.externaltools.gnu-tools-for-stm32.7-2018-q2-update.win32_1.4.0.202007081208/tools/bin/../lib/gcc/arm-none-eabi/7.3.1/../../../../arm-none-eabi/lib/thumb/v7-m\libnosys.a
END GROUP
START GROUP
LOAD c:/st/stm32cubeide_1.4.0/stm32cubeide/plugins/com.st.stm32cube.ide.mcu.externaltools.gnu-tools-for-stm32.7-2018-q2-update.win32_1.4.0.202007081208/tools/bin/../lib/gcc/arm-none-eabi/7.3.1/thumb/v7-m\libgcc.a
LOAD c:/st/stm32cubeide_1.4.0/stm32cubeide/plugins/com.st.stm32cube.ide.mcu.externaltools.gnu-tools-for-stm32.7-2018-q2-update.win32_1.4.0.202007081208/tools/bin/../lib/gcc/arm-none-eabi/7.3.1/../../../../arm-none-eabi/lib/thumb/v7-m\libc_nano.a
LOAD c:/st/stm32cubeide_1.4.0/stm32cubeide/plugins/com.st.stm32cube.ide.mcu.externaltools.gnu-tools-for-stm32.7-2018-q2-update.win32_1.4.0.202007081208/tools/bin/../lib/gcc/arm-none-eabi/7.3.1/../../../../arm-none-eabi/lib/thumb/v7-m\libnosys.a
END GROUP
LOAD c:/st/stm32cubeide_1.4.0/stm32cubeide/plugins/com.st.stm32cube.ide.mcu.externaltools.gnu-tools-for-stm32.7-2018-q2-update.win32_1.4.0.202007081208/tools/bin/../lib/gcc/arm-none-eabi/7.3.1/thumb/v7-m/crtend.o
LOAD c:/st/stm32cubeide_1.4.0/stm32cubeide/plugins/com.st.stm32cube.ide.mcu.externaltools.gnu-tools-for-stm32.7-2018-q2-update.win32_1.4.0.202007081208/tools/bin/../lib/gcc/arm-none-eabi/7.3.1/thumb/v7-m/crtn.o
                0x0000000020002800                _estack = (ORIGIN (RAM) + LENGTH (RAM))
                0x0000000000000200                _Min_Heap_Size = 0x200
                0x0000000000000400                _Min_Stack_Size = 0x400

.isr_vector     0x0000000008000000      0x130
                0x0000000008000000                . = ALIGN (0x4)
 *(.isr_vector)
 .isr_vector    0x0000000008000000      0x130 Startup/startup_stm32f103c6tx.o
                0x0000000008000000                g_pfnVectors
                0x0000000008000130                . = ALIGN (0x4)

.text           0x0000000008000130      0xe84
                0x0000000008000130                . = ALIGN (0x4)
 *(.text)
 .text          0x0000000008000130       0x40 c:/st/stm32cubeide_1.4.0/stm32cubeide/plugins/com.st.stm32cube.ide.mcu.externaltools.gnu-tools-for-stm32.7-2018-q2-update.win32_1.4.0.202007081208/tools/bin/../lib/gcc/arm-none-eabi/7.3.1/thumb/v7-m/crtbegin.o
 *(.text*)
 .text.EXTI0_IRQHandler
                0x0000000008000170       0x24 STM32_F103C6_Drivers/EXTI/STM32F103x8_EXTI_Driver.o
                0x0000000008000170                EXTI0_IRQHandler
 .text.EXTI1_IRQHandler
                0x0000000008000194       0x24 STM32_F103C6_Drivers/EXTI/STM32F103x8_EXTI_Driver.o
                0x0000000008000194                EXTI1_IRQHandler
 .text.EXTI2_IRQHandler
                0x00000000080001b8       0x24 STM32_F103C6_Drivers/EXTI/STM32F103x8_EXTI_Driver.o
                0x00000000080001b8                EXTI2_IRQHandler
 .text.EXTI3_IRQHandler
                0x00000000080001dc       0x24 STM32_F103C6_Drivers/EXTI/STM32F103x8_EXTI_Driver.o
                0x00000000080001dc                EXTI3_IRQHandler
 .text.EXTI4_IRQHandler
                0x0000000008000200       0x24 STM32_F103C6_Drivers/EXTI/STM32F103x8_EXTI_Driver.o
                0x0000000008000200                EXTI4_IRQHandler
 .text.EXTI9_5_IRQHandler
                0x0000000008000224       0xa8 STM32_F103C6_Drivers/EXTI/STM32F103x8_EXTI_Driver.o
                0x0000000008000224                EXTI9_5_IRQHandler
 .text.EXTI15_10_IRQHandler
                0x00000000080002cc       0xc4 STM32_F103C6_Drivers/EXTI/STM32F103x8_EXTI_Driver.o
                0x00000000080002cc                EXTI15_10_IRQHandler
 .text.Get_PIN_Position
                0x0000000008000390       0xa6 STM32_F103C6_Drivers/GPIO/STM32F103x8_GPIO_Driver.o
                0x0000000008000390                Get_PIN_Position
 .text.MCAL_GPIO_Init
                0x0000000008000436      0x10e STM32_F103C6_Drivers/GPIO/STM32F103x8_GPIO_Driver.o
                0x0000000008000436                MCAL_GPIO_Init
 .text.MCAL_GPIO_WritePin
                0x0000000008000544       0x34 STM32_F103C6_Drivers/GPIO/STM32F103x8_GPIO_Driver.o
                0x0000000008000544                MCAL_GPIO_WritePin
 .text.MCAL_RCC_GetSYSCLKFreq
                0x0000000008000578       0x3c STM32_F103C6_Drivers/RCC/STM32F103x8_RCC_Driver.o
                0x0000000008000578                MCAL_RCC_GetSYSCLKFreq
 .text.MCAL_RCC_GetHCLKFreq
                0x00000000080005b4       0x28 STM32_F103C6_Drivers/RCC/STM32F103x8_RCC_Driver.o
                0x00000000080005b4                MCAL_RCC_GetHCLKFreq
 .text.MCAL_RCC_GetPCLK1Freq
                0x00000000080005dc       0x28 STM32_F103C6_Drivers/RCC/STM32F103x8_RCC_Driver.o
                0x00000000080005dc                MCAL_RCC_GetPCLK1Freq
 .text.MCAL_RCC_GetPCLK2Freq
                0x0000000008000604       0x28 STM32_F103C6_Drivers/RCC/STM32F103x8_RCC_Driver.o
                0x0000000008000604                MCAL_RCC_GetPCLK2Freq
 .text.MCAL_SPI_Init
                0x000000000800062c      0x124 STM32_F103C6_Drivers/SPI/STM32F103x8_SPI_Driver.o
                0x000000000800062c                MCAL_SPI_Init
 .text.MCAL_SPI_Tx_Rx
                0x0000000008000750       0x56 STM32_F103C6_Drivers/SPI/STM32F103x8_SPI_Driver.o
                0x0000000008000750                MCAL_SPI_Tx_Rx
 *fill*         0x00000000080007a6        0x2 
 .text.MCAL_GPIO_SPI_Set_Pins
                0x00000000080007a8      0x208 STM32_F103C6_Drivers/SPI/STM32F103x8_SPI_Driver.o
                0x00000000080007a8                MCAL_GPIO_SPI_Set_Pins
 .text.SPI1_IRQHandler
                0x00000000080009b0       0x5c STM32_F103C6_Drivers/SPI/STM32F103x8_SPI_Driver.o
                0x00000000080009b0                SPI1_IRQHandler
 .text.SPI2_IRQHandler
                0x0000000008000a0c       0x5c STM32_F103C6_Drivers/SPI/STM32F103x8_SPI_Driver.o
                0x0000000008000a0c                SPI2_IRQHandler
 .text.MCAL_UART_Init
                0x0000000008000a68      0x1a8 STM32_F103C6_Drivers/USART/STM32F103x8_USART_Driver.o
                0x0000000008000a68                MCAL_UART_Init
 .text.MCAL_UART_SendData
                0x0000000008000c10       0x48 STM32_F103C6_Drivers/USART/STM32F103x8_USART_Driver.o
                0x0000000008000c10                MCAL_UART_SendData
 .text.MCAL_UART_ReceiveData
                0x0000000008000c58       0x68 STM32_F103C6_Drivers/USART/STM32F103x8_USART_Driver.o
                0x0000000008000c58                MCAL_UART_ReceiveData
 .text.MCAL_UART_GPIO_Set_Pins
                0x0000000008000cc0       0xcc STM32_F103C6_Drivers/USART/STM32F103x8_USART_Driver.o
                0x0000000008000cc0                MCAL_UART_GPIO_Set_Pins
 .text.USART1_IRQHandler
                0x0000000008000d8c       0x14 STM32_F103C6_Drivers/USART/STM32F103x8_USART_Driver.o
                0x0000000008000d8c                USART1_IRQHandler
 .text.USART2_IRQHandler
                0x0000000008000da0       0x14 STM32_F103C6_Drivers/USART/STM32F103x8_USART_Driver.o
                0x0000000008000da0                USART2_IRQHandler
 .text.USART3_IRQHandler
                0x0000000008000db4       0x14 STM32_F103C6_Drivers/USART/STM32F103x8_USART_Driver.o
                0x0000000008000db4                USART3_IRQHandler
 .text.main     0x0000000008000dc8       0xb8 Src/main.o
                0x0000000008000dc8                main
 .text.UART_IRQ_CallBack
                0x0000000008000e80       0x4c Src/main.o
                0x0000000008000e80                UART_IRQ_CallBack
 .text.Clock_Init
                0x0000000008000ecc       0x34 Src/main.o
                0x0000000008000ecc                Clock_Init
 .text.Reset_Handler
                0x0000000008000f00       0x50 Startup/startup_stm32f103c6tx.o
                0x0000000008000f00                Reset_Handler
 .text.Default_Handler
                0x0000000008000f50        0x2 Startup/startup_stm32f103c6tx.o
                0x0000000008000f50                TIM8_TRG_COM_IRQHandler
                0x0000000008000f50                TIM8_CC_IRQHandler
                0x0000000008000f50                DebugMon_Handler
                0x0000000008000f50                TIM1_CC_IRQHandler
                0x0000000008000f50                HardFault_Handler
                0x0000000008000f50                TIM6_IRQHandler
                0x0000000008000f50                SysTick_Handler
                0x0000000008000f50                PVD_IRQHandler
                0x0000000008000f50                SDIO_IRQHandler
                0x0000000008000f50                PendSV_Handler
                0x0000000008000f50                NMI_Handler
                0x0000000008000f50                USB_HP_CAN_TX_IRQHandler
                0x0000000008000f50                I2C2_EV_IRQHandler
                0x0000000008000f50                UsageFault_Handler
                0x0000000008000f50                ADC1_2_IRQHandler
                0x0000000008000f50                CAN_SCE_IRQHandler
                0x0000000008000f50                TAMPER_IRQHandler
                0x0000000008000f50                TIM8_UP_IRQHandler
                0x0000000008000f50                DMA2_Channel2_IRQHandler
                0x0000000008000f50                DMA1_Channel4_IRQHandler
                0x0000000008000f50                RTC_IRQHandler
                0x0000000008000f50                DMA1_Channel7_IRQHandler
                0x0000000008000f50                UART5_IRQHandler
                0x0000000008000f50                ADC3_IRQHandler
                0x0000000008000f50                TIM4_IRQHandler
                0x0000000008000f50                CAN_RX1_IRQHandler
                0x0000000008000f50                DMA2_Channel1_IRQHandler
                0x0000000008000f50                I2C1_EV_IRQHandler
                0x0000000008000f50                DMA1_Channel6_IRQHandler
                0x0000000008000f50                UART4_IRQHandler
                0x0000000008000f50                TIM3_IRQHandler
                0x0000000008000f50                RCC_IRQHandler
                0x0000000008000f50                TIM1_TRG_COM_IRQHandler
                0x0000000008000f50                DMA1_Channel1_IRQHandler
                0x0000000008000f50                Default_Handler
                0x0000000008000f50                TIM7_IRQHandler
                0x0000000008000f50                TIM5_IRQHandler
                0x0000000008000f50                USB_LP_CAN_RX0_IRQHandler
                0x0000000008000f50                MemManage_Handler
                0x0000000008000f50                SVC_Handler
                0x0000000008000f50                DMA1_Channel5_IRQHandler
                0x0000000008000f50                DMA1_Channel3_IRQHandler
                0x0000000008000f50                FSMC_IRQHandler
                0x0000000008000f50                TIM1_UP_IRQHandler
                0x0000000008000f50                WWDG_IRQHandler
                0x0000000008000f50                TIM2_IRQHandler
                0x0000000008000f50                TIM1_BRK_IRQHandler
                0x0000000008000f50                RTCAlarm_IRQHandler
                0x0000000008000f50                DMA2_Channel4_5_IRQHandler
                0x0000000008000f50                I2C2_ER_IRQHandler
                0x0000000008000f50                DMA1_Channel2_IRQHandler
                0x0000000008000f50                TIM8_BRK_IRQHandler
                0x0000000008000f50                FLASH_IRQHandler
                0x0000000008000f50                BusFault_Handler
                0x0000000008000f50                SPI3_IRQHandler
                0x0000000008000f50                I2C1_ER_IRQHandler
                0x0000000008000f50                DMA2_Channel3_IRQHandler
 *fill*         0x0000000008000f52        0x2 
 .text.__libc_init_array
                0x0000000008000f54       0x48 c:/st/stm32cubeide_1.4.0/stm32cubeide/plugins/com.st.stm32cube.ide.mcu.externaltools.gnu-tools-for-stm32.7-2018-q2-update.win32_1.4.0.202007081208/tools/bin/../lib/gcc/arm-none-eabi/7.3.1/../../../../arm-none-eabi/lib/thumb/v7-m\libc_nano.a(lib_a-init.o)
                0x0000000008000f54                __libc_init_array
 *(.glue_7)
 .glue_7        0x0000000008000f9c        0x0 linker stubs
 *(.glue_7t)
 .glue_7t       0x0000000008000f9c        0x0 linker stubs
 *(.eh_frame)
 .eh_frame      0x0000000008000f9c        0x0 c:/st/stm32cubeide_1.4.0/stm32cubeide/plugins/com.st.stm32cube.ide.mcu.externaltools.gnu-tools-for-stm32.7-2018-q2-update.win32_1.4.0.202007081208/tools/bin/../lib/gcc/arm-none-eabi/7.3.1/thumb/v7-m/crtbegin.o
 *(.init)
 .init          0x0000000008000f9c        0x4 c:/st/stm32cubeide_1.4.0/stm32cubeide/plugins/com.st.stm32cube.ide.mcu.externaltools.gnu-tools-for-stm32.7-2018-q2-update.win32_1.4.0.202007081208/tools/bin/../lib/gcc/arm-none-eabi/7.3.1/thumb/v7-m/crti.o
                0x0000000008000f9c                _init
 .init          0x0000000008000fa0        0x8 c:/st/stm32cubeide_1.4.0/stm32cubeide/plugins/com.st.stm32cube.ide.mcu.externaltools.gnu-tools-for-stm32.7-2018-q2-update.win32_1.4.0.202007081208/tools/bin/../lib/gcc/arm-none-eabi/7.3.1/thumb/v7-m/crtn.o
 *(.fini)
 .fini          0x0000000008000fa8        0x4 c:/st/stm32cubeide_1.4.0/stm32cubeide/plugins/com.st.stm32cube.ide.mcu.externaltools.gnu-tools-for-stm32.7-2018-q2-update.win32_1.4.0.202007081208/tools/bin/../lib/gcc/arm-none-eabi/7.3.1/thumb/v7-m/crti.o
                0x0000000008000fa8                _fini
 .fini          0x0000000008000fac        0x8 c:/st/stm32cubeide_1.4.0/stm32cubeide/plugins/com.st.stm32cube.ide.mcu.externaltools.gnu-tools-for-stm32.7-2018-q2-update.win32_1.4.0.202007081208/tools/bin/../lib/gcc/arm-none-eabi/7.3.1/thumb/v7-m/crtn.o
                0x0000000008000fb4                . = ALIGN (0x4)
                0x0000000008000fb4                _etext = .

.vfp11_veneer   0x0000000008000fb4        0x0
 .vfp11_veneer  0x0000000008000fb4        0x0 linker stubs

.v4_bx          0x0000000008000fb4        0x0
 .v4_bx         0x0000000008000fb4        0x0 linker stubs

.iplt           0x0000000008000fb4        0x0
 .iplt          0x0000000008000fb4        0x0 c:/st/stm32cubeide_1.4.0/stm32cubeide/plugins/com.st.stm32cube.ide.mcu.externaltools.gnu-tools-for-stm32.7-2018-q2-update.win32_1.4.0.202007081208/tools/bin/../lib/gcc/arm-none-eabi/7.3.1/thumb/v7-m/crtbegin.o

.rodata         0x0000000008000fb4       0x18
                0x0000000008000fb4                . = ALIGN (0x4)
 *(.rodata)
 *(.rodata*)
 .rodata.APBprescaler_Table
                0x0000000008000fb4        0x8 STM32_F103C6_Drivers/RCC/STM32F103x8_RCC_Driver.o
                0x0000000008000fb4                APBprescaler_Table
 .rodata.AHBprescaler_Table
                0x0000000008000fbc       0x10 STM32_F103C6_Drivers/RCC/STM32F103x8_RCC_Driver.o
                0x0000000008000fbc                AHBprescaler_Table
                0x0000000008000fcc                . = ALIGN (0x4)

.rel.dyn        0x0000000008000fcc        0x0
 .rel.iplt      0x0000000008000fcc        0x0 c:/st/stm32cubeide_1.4.0/stm32cubeide/plugins/com.st.stm32cube.ide.mcu.externaltools.gnu-tools-for-stm32.7-2018-q2-update.win32_1.4.0.202007081208/tools/bin/../lib/gcc/arm-none-eabi/7.3.1/thumb/v7-m/crtbegin.o

.ARM.extab      0x0000000008000fcc        0x0
                0x0000000008000fcc                . = ALIGN (0x4)
 *(.ARM.extab* .gnu.linkonce.armextab.*)
                0x0000000008000fcc                . = ALIGN (0x4)

.ARM            0x0000000008000fcc        0x0
                0x0000000008000fcc                . = ALIGN (0x4)
                0x0000000008000fcc                __exidx_start = .
 *(.ARM.exidx*)
                0x0000000008000fcc                __exidx_end = .
                0x0000000008000fcc                . = ALIGN (0x4)

.preinit_array  0x0000000008000fcc        0x0
                0x0000000008000fcc                . = ALIGN (0x4)
                0x0000000008000fcc                PROVIDE (__preinit_array_start = .)
 *(.preinit_array*)
                0x0000000008000fcc                PROVIDE (__preinit_array_end = .)
                0x0000000008000fcc                . = ALIGN (0x4)

.init_array     0x0000000008000fcc        0x4
                0x0000000008000fcc                . = ALIGN (0x4)
                0x0000000008000fcc                PROVIDE (__init_array_start = .)
 *(SORT_BY_NAME(.init_array.*))
 *(.init_array*)
 .init_array    0x0000000008000fcc        0x4 c:/st/stm32cubeide_1.4.0/stm32cubeide/plugins/com.st.stm32cube.ide.mcu.externaltools.gnu-tools-for-stm32.7-2018-q2-update.win32_1.4.0.202007081208/tools/bin/../lib/gcc/arm-none-eabi/7.3.1/thumb/v7-m/crtbegin.o
                0x0000000008000fd0                PROVIDE (__init_array_end = .)
                0x0000000008000fd0                . = ALIGN (0x4)

.fini_array     0x0000000008000fd0        0x4
                0x0000000008000fd0                . = ALIGN (0x4)
                [!provide]                        PROVIDE (__fini_array_start = .)
 *(SORT_BY_NAME(.fini_array.*))
 *(.fini_array*)
 .fini_array    0x0000000008000fd0        0x4 c:/st/stm32cubeide_1.4.0/stm32cubeide/plugins/com.st.stm32cube.ide.mcu.externaltools.gnu-tools-for-stm32.7-2018-q2-update.win32_1.4.0.202007081208/tools/bin/../lib/gcc/arm-none-eabi/7.3.1/thumb/v7-m/crtbegin.o
                [!provide]                        PROVIDE (__fini_array_end = .)
                0x0000000008000fd4                . = ALIGN (0x4)
                0x0000000008000fd4                _sidata = LOADADDR (.data)

.data           0x0000000020000000        0x0 load address 0x0000000008000fd4
                0x0000000020000000                . = ALIGN (0x4)
                0x0000000020000000                _sdata = .
 *(.data)
 *(.data*)
                0x0000000020000000                . = ALIGN (0x4)
                0x0000000020000000                _edata = .

.igot.plt       0x0000000020000000        0x0 load address 0x0000000008000fd4
 .igot.plt      0x0000000020000000        0x0 c:/st/stm32cubeide_1.4.0/stm32cubeide/plugins/com.st.stm32cube.ide.mcu.externaltools.gnu-tools-for-stm32.7-2018-q2-update.win32_1.4.0.202007081208/tools/bin/../lib/gcc/arm-none-eabi/7.3.1/thumb/v7-m/crtbegin.o
                0x0000000020000000                . = ALIGN (0x4)

.bss            0x0000000020000000       0x78 load address 0x0000000008000fd4
                0x0000000020000000                _sbss = .
                0x0000000020000000                __bss_start__ = _sbss
 *(.bss)
 .bss           0x0000000020000000       0x1c c:/st/stm32cubeide_1.4.0/stm32cubeide/plugins/com.st.stm32cube.ide.mcu.externaltools.gnu-tools-for-stm32.7-2018-q2-update.win32_1.4.0.202007081208/tools/bin/../lib/gcc/arm-none-eabi/7.3.1/thumb/v7-m/crtbegin.o
 *(.bss*)
 .bss.Gl_SPI_CFG
                0x000000002000001c        0x4 STM32_F103C6_Drivers/SPI/STM32F103x8_SPI_Driver.o
                0x000000002000001c                Gl_SPI_CFG
 .bss.Gl_ASPI_CFG
                0x0000000020000020        0x8 STM32_F103C6_Drivers/SPI/STM32F103x8_SPI_Driver.o
                0x0000000020000020                Gl_ASPI_CFG
 .bss.Gl_UART_CFG
                0x0000000020000028        0x4 STM32_F103C6_Drivers/USART/STM32F103x8_USART_Driver.o
                0x0000000020000028                Gl_UART_CFG
 .bss.Gl_AUARTx_CFG
                0x000000002000002c        0xc STM32_F103C6_Drivers/USART/STM32F103x8_USART_Driver.o
                0x000000002000002c                Gl_AUARTx_CFG
 *(COMMON)
 COMMON         0x0000000020000038       0x3c STM32_F103C6_Drivers/EXTI/STM32F103x8_EXTI_Driver.o
                0x0000000020000038                GP_IRQ_CallBack
 COMMON         0x0000000020000074        0x1 Src/main.o
                0x0000000020000074                ch
                0x0000000020000078                . = ALIGN (0x4)
 *fill*         0x0000000020000075        0x3 
                0x0000000020000078                _ebss = .
                0x0000000020000078                __bss_end__ = _ebss

._user_heap_stack
                0x0000000020000078      0x600 load address 0x0000000008000fd4
                0x0000000020000078                . = ALIGN (0x8)
                [!provide]                        PROVIDE (end = .)
                0x0000000020000078                PROVIDE (_end = .)
                0x0000000020000278                . = (. + _Min_Heap_Size)
 *fill*         0x0000000020000078      0x200 
                0x0000000020000678                . = (. + _Min_Stack_Size)
 *fill*         0x0000000020000278      0x400 
                0x0000000020000678                . = ALIGN (0x8)

/DISCARD/
 libc.a(*)
 libm.a(*)
 libgcc.a(*)

.ARM.attributes
                0x0000000000000000       0x29
 *(.ARM.attributes)
 .ARM.attributes
                0x0000000000000000       0x1d c:/st/stm32cubeide_1.4.0/stm32cubeide/plugins/com.st.stm32cube.ide.mcu.externaltools.gnu-tools-for-stm32.7-2018-q2-update.win32_1.4.0.202007081208/tools/bin/../lib/gcc/arm-none-eabi/7.3.1/thumb/v7-m/crti.o
 .ARM.attributes
                0x000000000000001d       0x2d c:/st/stm32cubeide_1.4.0/stm32cubeide/plugins/com.st.stm32cube.ide.mcu.externaltools.gnu-tools-for-stm32.7-2018-q2-update.win32_1.4.0.202007081208/tools/bin/../lib/gcc/arm-none-eabi/7.3.1/thumb/v7-m/crtbegin.o
 .ARM.attributes
                0x000000000000004a       0x33 STM32_F103C6_Drivers/EXTI/STM32F103x8_EXTI_Driver.o
 .ARM.attributes
                0x000000000000007d       0x33 STM32_F103C6_Drivers/GPIO/STM32F103x8_GPIO_Driver.o
 .ARM.attributes
                0x00000000000000b0       0x33 STM32_F103C6_Drivers/RCC/STM32F103x8_RCC_Driver.o
 .ARM.attributes
                0x00000000000000e3       0x33 STM32_F103C6_Drivers/SPI/STM32F103x8_SPI_Driver.o
 .ARM.attributes
                0x0000000000000116       0x33 STM32_F103C6_Drivers/USART/STM32F103x8_USART_Driver.o
 .ARM.attributes
                0x0000000000000149       0x33 Src/main.o
 .ARM.attributes
                0x000000000000017c       0x21 Startup/startup_stm32f103c6tx.o
 .ARM.attributes
                0x000000000000019d       0x2d c:/st/stm32cubeide_1.4.0/stm32cubeide/plugins/com.st.stm32cube.ide.mcu.externaltools.gnu-tools-for-stm32.7-2018-q2-update.win32_1.4.0.202007081208/tools/bin/../lib/gcc/arm-none-eabi/7.3.1/../../../../arm-none-eabi/lib/thumb/v7-m\libc_nano.a(lib_a-init.o)
 .ARM.attributes
                0x00000000000001ca       0x1d c:/st/stm32cubeide_1.4.0/stm32cubeide/plugins/com.st.stm32cube.ide.mcu.externaltools.gnu-tools-for-stm32.7-2018-q2-update.win32_1.4.0.202007081208/tools/bin/../lib/gcc/arm-none-eabi/7.3.1/thumb/v7-m/crtn.o
OUTPUT(Drivers.elf elf32-littlearm)

.debug_info     0x0000000000000000     0x5191
 .debug_info    0x0000000000000000      0xdc2 STM32_F103C6_Drivers/EXTI/STM32F103x8_EXTI_Driver.o
 .debug_info    0x0000000000000dc2      0xd42 STM32_F103C6_Drivers/GPIO/STM32F103x8_GPIO_Driver.o
 .debug_info    0x0000000000001b04      0xb09 STM32_F103C6_Drivers/RCC/STM32F103x8_RCC_Driver.o
 .debug_info    0x000000000000260d      0xee3 STM32_F103C6_Drivers/SPI/STM32F103x8_SPI_Driver.o
 .debug_info    0x00000000000034f0      0xe1e STM32_F103C6_Drivers/USART/STM32F103x8_USART_Driver.o
 .debug_info    0x000000000000430e      0xe61 Src/main.o
 .debug_info    0x000000000000516f       0x22 Startup/startup_stm32f103c6tx.o

.debug_abbrev   0x0000000000000000      0xc81
 .debug_abbrev  0x0000000000000000      0x22a STM32_F103C6_Drivers/EXTI/STM32F103x8_EXTI_Driver.o
 .debug_abbrev  0x000000000000022a      0x232 STM32_F103C6_Drivers/GPIO/STM32F103x8_GPIO_Driver.o
 .debug_abbrev  0x000000000000045c      0x19b STM32_F103C6_Drivers/RCC/STM32F103x8_RCC_Driver.o
 .debug_abbrev  0x00000000000005f7      0x240 STM32_F103C6_Drivers/SPI/STM32F103x8_SPI_Driver.o
 .debug_abbrev  0x0000000000000837      0x232 STM32_F103C6_Drivers/USART/STM32F103x8_USART_Driver.o
 .debug_abbrev  0x0000000000000a69      0x206 Src/main.o
 .debug_abbrev  0x0000000000000c6f       0x12 Startup/startup_stm32f103c6tx.o

.debug_loc      0x0000000000000000      0xd10
 .debug_loc     0x0000000000000000      0x320 STM32_F103C6_Drivers/EXTI/STM32F103x8_EXTI_Driver.o
 .debug_loc     0x0000000000000320      0x330 STM32_F103C6_Drivers/GPIO/STM32F103x8_GPIO_Driver.o
 .debug_loc     0x0000000000000650       0xc8 STM32_F103C6_Drivers/RCC/STM32F103x8_RCC_Driver.o
 .debug_loc     0x0000000000000718      0x2bc STM32_F103C6_Drivers/SPI/STM32F103x8_SPI_Driver.o
 .debug_loc     0x00000000000009d4      0x294 STM32_F103C6_Drivers/USART/STM32F103x8_USART_Driver.o
 .debug_loc     0x0000000000000c68       0xa8 Src/main.o

.debug_aranges  0x0000000000000000      0x228
 .debug_aranges
                0x0000000000000000       0x80 STM32_F103C6_Drivers/EXTI/STM32F103x8_EXTI_Driver.o
 .debug_aranges
                0x0000000000000080       0x60 STM32_F103C6_Drivers/GPIO/STM32F103x8_GPIO_Driver.o
 .debug_aranges
                0x00000000000000e0       0x38 STM32_F103C6_Drivers/RCC/STM32F103x8_RCC_Driver.o
 .debug_aranges
                0x0000000000000118       0x58 STM32_F103C6_Drivers/SPI/STM32F103x8_SPI_Driver.o
 .debug_aranges
                0x0000000000000170       0x60 STM32_F103C6_Drivers/USART/STM32F103x8_USART_Driver.o
 .debug_aranges
                0x00000000000001d0       0x30 Src/main.o
 .debug_aranges
                0x0000000000000200       0x28 Startup/startup_stm32f103c6tx.o

.debug_ranges   0x0000000000000000      0x1c0
 .debug_ranges  0x0000000000000000       0x70 STM32_F103C6_Drivers/EXTI/STM32F103x8_EXTI_Driver.o
 .debug_ranges  0x0000000000000070       0x50 STM32_F103C6_Drivers/GPIO/STM32F103x8_GPIO_Driver.o
 .debug_ranges  0x00000000000000c0       0x28 STM32_F103C6_Drivers/RCC/STM32F103x8_RCC_Driver.o
 .debug_ranges  0x00000000000000e8       0x48 STM32_F103C6_Drivers/SPI/STM32F103x8_SPI_Driver.o
 .debug_ranges  0x0000000000000130       0x50 STM32_F103C6_Drivers/USART/STM32F103x8_USART_Driver.o
 .debug_ranges  0x0000000000000180       0x20 Src/main.o
 .debug_ranges  0x00000000000001a0       0x20 Startup/startup_stm32f103c6tx.o

.debug_macro    0x0000000000000000      0xf63
 .debug_macro   0x0000000000000000      0x15c STM32_F103C6_Drivers/EXTI/STM32F103x8_EXTI_Driver.o
 .debug_macro   0x000000000000015c       0xd6 STM32_F103C6_Drivers/EXTI/STM32F103x8_EXTI_Driver.o
 .debug_macro   0x0000000000000232      0x227 STM32_F103C6_Drivers/EXTI/STM32F103x8_EXTI_Driver.o
 .debug_macro   0x0000000000000459      0x13f STM32_F103C6_Drivers/GPIO/STM32F103x8_GPIO_Driver.o
 .debug_macro   0x0000000000000598      0x13f STM32_F103C6_Drivers/RCC/STM32F103x8_RCC_Driver.o
 .debug_macro   0x00000000000006d7       0x10 STM32_F103C6_Drivers/RCC/STM32F103x8_RCC_Driver.o
 .debug_macro   0x00000000000006e7      0x160 STM32_F103C6_Drivers/SPI/STM32F103x8_SPI_Driver.o
 .debug_macro   0x0000000000000847       0xdb STM32_F103C6_Drivers/SPI/STM32F103x8_SPI_Driver.o
 .debug_macro   0x0000000000000922      0x163 STM32_F103C6_Drivers/USART/STM32F103x8_USART_Driver.o
 .debug_macro   0x0000000000000a85       0x16 STM32_F103C6_Drivers/USART/STM32F103x8_USART_Driver.o
 .debug_macro   0x0000000000000a9b       0xe8 STM32_F103C6_Drivers/USART/STM32F103x8_USART_Driver.o
 .debug_macro   0x0000000000000b83      0x263 Src/main.o
 .debug_macro   0x0000000000000de6       0xe1 Src/main.o
 .debug_macro   0x0000000000000ec7       0x1c Src/main.o
 .debug_macro   0x0000000000000ee3       0x40 Src/main.o
 .debug_macro   0x0000000000000f23       0x40 Src/main.o

.debug_line     0x0000000000000000     0x27d5
 .debug_line    0x0000000000000000      0x702 STM32_F103C6_Drivers/EXTI/STM32F103x8_EXTI_Driver.o
 .debug_line    0x0000000000000702      0x674 STM32_F103C6_Drivers/GPIO/STM32F103x8_GPIO_Driver.o
 .debug_line    0x0000000000000d76      0x5a1 STM32_F103C6_Drivers/RCC/STM32F103x8_RCC_Driver.o
 .debug_line    0x0000000000001317      0x6ae STM32_F103C6_Drivers/SPI/STM32F103x8_SPI_Driver.o
 .debug_line    0x00000000000019c5      0x6be STM32_F103C6_Drivers/USART/STM32F103x8_USART_Driver.o
 .debug_line    0x0000000000002083      0x6ce Src/main.o
 .debug_line    0x0000000000002751       0x84 Startup/startup_stm32f103c6tx.o

.debug_str      0x0000000000000000     0xbf99
 .debug_str     0x0000000000000000     0x9590 STM32_F103C6_Drivers/EXTI/STM32F103x8_EXTI_Driver.o
                                       0x9801 (size before relaxing)
 .debug_str     0x0000000000009590      0x15f STM32_F103C6_Drivers/GPIO/STM32F103x8_GPIO_Driver.o
                                       0x8402 (size before relaxing)
 .debug_str     0x00000000000096ef      0x10a STM32_F103C6_Drivers/RCC/STM32F103x8_RCC_Driver.o
                                       0x7f67 (size before relaxing)
 .debug_str     0x00000000000097f9      0x8b7 STM32_F103C6_Drivers/SPI/STM32F103x8_SPI_Driver.o
                                       0x8b9a (size before relaxing)
 .debug_str     0x000000000000a0b0      0x8eb STM32_F103C6_Drivers/USART/STM32F103x8_USART_Driver.o
                                       0x8c2d (size before relaxing)
 .debug_str     0x000000000000a99b     0x15cd Src/main.o
                                       0xba9e (size before relaxing)
 .debug_str     0x000000000000bf68       0x31 Startup/startup_stm32f103c6tx.o
                                         0x5c (size before relaxing)

.comment        0x0000000000000000       0x7b
 .comment       0x0000000000000000       0x7b STM32_F103C6_Drivers/EXTI/STM32F103x8_EXTI_Driver.o
                                         0x7c (size before relaxing)
 .comment       0x000000000000007b       0x7c STM32_F103C6_Drivers/GPIO/STM32F103x8_GPIO_Driver.o
 .comment       0x000000000000007b       0x7c STM32_F103C6_Drivers/RCC/STM32F103x8_RCC_Driver.o
 .comment       0x000000000000007b       0x7c STM32_F103C6_Drivers/SPI/STM32F103x8_SPI_Driver.o
 .comment       0x000000000000007b       0x7c STM32_F103C6_Drivers/USART/STM32F103x8_USART_Driver.o
 .comment       0x000000000000007b       0x7c Src/main.o

.debug_frame    0x0000000000000000      0x6d4
 .debug_frame   0x0000000000000000      0x1b0 STM32_F103C6_Drivers/EXTI/STM32F103x8_EXTI_Driver.o
 .debug_frame   0x00000000000001b0      0x178 STM32_F103C6_Drivers/GPIO/STM32F103x8_GPIO_Driver.o
 .debug_frame   0x0000000000000328       0x84 STM32_F103C6_Drivers/RCC/STM32F103x8_RCC_Driver.o
 .debug_frame   0x00000000000003ac      0x144 STM32_F103C6_Drivers/SPI/STM32F103x8_SPI_Driver.o
 .debug_frame   0x00000000000004f0      0x14c STM32_F103C6_Drivers/USART/STM32F103x8_USART_Driver.o
 .debug_frame   0x000000000000063c       0x6c Src/main.o
 .debug_frame   0x00000000000006a8       0x2c c:/st/stm32cubeide_1.4.0/stm32cubeide/plugins/com.st.stm32cube.ide.mcu.externaltools.gnu-tools-for-stm32.7-2018-q2-update.win32_1.4.0.202007081208/tools/bin/../lib/gcc/arm-none-eabi/7.3.1/../../../../arm-none-eabi/lib/thumb/v7-m\libc_nano.a(lib_a-init.o)
